// Vitest Snapshot v1, https://vitest.dev/guide/snapshot.html

exports[`button component > renders the default button correctly (snapshot) 1`] = `"<button class="bg-sky-500 hover:bg-sky-600 rounded-lg h-9 px-4 flex items-center justify-center text-white cursor-pointer text-sm duration-200">Click me</button>"`;
